eeschema (2013-07-07 BZR 4022)-stable  >> Creation date: 11/6/2014 12:06:10 PM
#Cmp ( order = Reference )
| AUD5/CAN1  CONN_9      
| AUDIO3/CAN2/SPDIF1 CONN_11     
| C1         1000P       
| C2         0.1u        
| C152       22u         
| C153       4.7u        
| C162       .22U        
| C163       10u         
| C164       0.1u        
| C165       0.1u        
| C166       10u         
| CSPI1      CONN_8      
| D1         LED         
| D44        ZENER       
| DCIN1      BARREL_JACK 
| DISP/I2C1  CONN_36     
| HDMI1      CONN_15     
| HOSTUSB1   CONN_11     
| I2C3       CONN_5      
| I2C2/CSPI2 CONN_10     
| J1         EDM_HEADER  
| LAN1       RT7-174AAM1A
| LVDS/I2C3  CONN_20     
| MICROSD1   CONN_17     
| P12        TST         
| P13        TST         
| P14        TST         
| P15        TST         
| P16        TST         
| P17        TST         
| P18        TST         
| P19        TST         
| P20        TST         
| P22        TST         
| P23        TST         
| P24        TST         
| P25        TST         
| P26        TST         
| P27        TST         
| P28        TST         
| P29        TST         
| P30        TST         
| P32        TST         
| P34        TST         
| P36        TST         
| P38        TST         
| P40        TST         
| P41        TST         
| P42        TST         
| P43        TST         
| P44        TST         
| P58        TST         
| P60        TST         
| P61        TST         
| P64        TST         
| P67        TST         
| P69        TST         
| P71        TST         
| P73        TST         
| P76        TST         
| P77        TST         
| P78        TST         
| P79        TST         
| P80        TST         
| P81        TST         
| P82        TST         
| P83        TST         
| P84        TST         
| P85        TST         
| P86        TST         
| P87        TST         
| P88        TST         
| P90        TST         
| P91        TST         
| P92        TST         
| P94        TST         
| P95        TST         
| P96        TST         
| P98        TST         
| P99        TST         
| P101       TST         
| P102       TST         
| P104       TST         
| P105       TST         
| P111       TST         
| P127       TST         
| P137       TST         
| P138       TST         
| P139       TST         
| P140       TST         
| P141       TST         
| P142       TST         
| P143       TST         
| P154       TST         
| P157       TST         
| P158       TST         
| P996       TST         
| P997       TST         
| P998       TST         
| P999       TST         
| R1         0           
| R2         0           
| R3         0           
| R4         0           
| R5         0           
| R6         0           
| R7         0           
| R8         0           
| R9         0           
| R10        330         
| R11        0           
| R12        330         
| R13        10          
| R91        10k         
| R96        6.04k       
| R97        330         
| RESET1     SW_PUSH     
| U1         AME8816     
| UART2      CONN_22     
| UART1/CSPI2 CONN_22     
| USB1       CONN_9      
#End Cmp

#Cmp ( order = Value )
| CONN_9       AUD5/CAN1 
| CONN_11      AUDIO3/CAN2/SPDIF1
| 0.1u         C2        
| 0.1u         C164      
| 0.1u         C165      
| 4.7u         C153      
| 10u          C166      
| 10u          C163      
| 22u          C152      
| 1000P        C1        
| .22U         C162      
| CONN_8       CSPI1     
| LED          D1        
| ZENER        D44       
| BARREL_JACK  DCIN1     
| CONN_15      HDMI1     
| CONN_11      HOSTUSB1  
| CONN_5       I2C3      
| CONN_10      I2C2/CSPI2
| EDM_HEADER   J1        
| RT7-174AAM1A LAN1      
| CONN_17      MICROSD1  
| TST          P12       
| TST          P13       
| TST          P14       
| TST          P15       
| TST          P16       
| TST          P17       
| TST          P18       
| TST          P19       
| TST          P20       
| TST          P22       
| TST          P23       
| TST          P24       
| TST          P25       
| TST          P26       
| TST          P27       
| TST          P28       
| TST          P29       
| TST          P30       
| TST          P32       
| TST          P34       
| TST          P36       
| TST          P38       
| TST          P40       
| TST          P41       
| TST          P42       
| TST          P43       
| TST          P44       
| TST          P58       
| TST          P60       
| TST          P61       
| TST          P64       
| TST          P67       
| TST          P69       
| TST          P71       
| TST          P73       
| TST          P76       
| TST          P77       
| TST          P78       
| TST          P79       
| TST          P80       
| TST          P81       
| TST          P82       
| TST          P83       
| TST          P84       
| TST          P85       
| TST          P86       
| TST          P87       
| TST          P88       
| TST          P90       
| TST          P91       
| TST          P92       
| TST          P94       
| TST          P95       
| TST          P96       
| TST          P98       
| TST          P99       
| TST          P101      
| TST          P102      
| TST          P104      
| TST          P105      
| TST          P111      
| TST          P127      
| TST          P137      
| TST          P138      
| TST          P139      
| TST          P140      
| TST          P141      
| TST          P142      
| TST          P143      
| TST          P154      
| TST          P157      
| TST          P158      
| TST          P996      
| TST          P997      
| TST          P998      
| TST          P999      
| 0            R1        
| 0            R2        
| 0            R3        
| 0            R4        
| 0            R5        
| 0            R6        
| 0            R7        
| 0            R8        
| 0            R9        
| 0            R11       
| 10           R13       
| 330          R10       
| 330          R12       
| 330          R97       
| 6.04k        R96       
| 10k          R91       
| SW_PUSH      RESET1    
| AME8816      U1        
| CONN_22      UART1/CSPI2
| CONN_20      LVDS/I2C3 
| CONN_22      UART2     
| CONN_9       USB1      
| CONN_36      DISP/I2C1 
#End Cmp

#End List
